"Initialized"
{"UserInfo":["Bob","MDgCMQDZDExOs97sRTnQLYtgFjDKpDzmO7Uo5HPP62u6MDimXBpZtGxtwa8dhJe5NBIsJjUCAwEAAQ=="]}
{"SignResponse":["[\"MDgCMQCqrJ1yIJ7cDQIdTuS+4CkKn/tQPN7bZFbbGCBhvjQxs71f6Vu+sD9eh8JGpfiZSckCAwEAAQ==\",\"MDgCMQDZDExOs97sRTnQLYtgFjDKpDzmO7Uo5HPP62u6MDimXBpZtGxtwa8dhJe5NBIsJjUCAwEAAQ==\",\"SEND $100   // By Alice   // 1678246833945\"]","ie4wMRLV+kIB/lzgOhZqG8dVz85Hzx/nuXHdvH+k2ZID0O4QXTz4b7R+Gx9ep7gO"]}
"Quitting"

